Docker installation on Ubuntu
SET UP THE REPOSITORY
Update the apt package index:

$ sudo apt-get update
Install packages to allow apt to use a repository over HTTPS:

$ sudo apt-get install \
    apt-transport-https \
    ca-certificates \
    curl \
    software-properties-common
Add Docker’s official GPG key:

$ curl -fsSL https://download.docker.com/linux/ubuntu/gpg | sudo apt-key add -

Verify that you now have the key with the fingerprint 9DC8 5822 9FC7 DD38 854A E2D8 8D81 803C 0EBF CD88, by searching for the last 8 characters of the fingerprint.

$ sudo apt-key fingerprint 0EBFCD88

pub   4096R/0EBFCD88 2017-02-22
      Key fingerprint = 9DC8 5822 9FC7 DD38 854A  E2D8 8D81 803C 0EBF CD88
uid                  Docker Release (CE deb) <docker@docker.com>
sub   4096R/F273FCD8 2017-02-22
Use the following command to set up the stable repository. You always need the stable repository, even if you want to install builds from the edge or test repositories as well. To add the edge or test repository, add the word edge or test (or both) after the word stable in the commands below.

Note: The lsb_release -cs sub-command below returns the name of your Ubuntu distribution, such as xenial. Sometimes, in a distribution like Linux Mint, you might have to change $(lsb_release -cs) to your parent Ubuntu distribution. For example, if you are using Linux Mint Rafaela, you could use trusty.

x86_64 / amd64
armhf
IBM Power (ppc64le)
IBM Z (s390x)
$ sudo add-apt-repository \
   "deb [arch=amd64] https://download.docker.com/linux/ubuntu \
   $(lsb_release -cs) \
   stable"
Note: Starting with Docker 17.06, stable releases are also pushed to the edge and test repositories.

INSTALL DOCKER CE
Update the apt package index.

$ sudo apt-get update
Install the latest version of Docker CE, or go to the next step to install a specific version. Any existing installation of Docker is replaced.

$ sudo apt-get install docker-ce
Got multiple Docker repositories?

If you have multiple Docker repositories enabled, installing or updating without specifying a version in the apt-get install or apt-get update command will always install the highest possible version, which may not be appropriate for your stability needs.

On production systems, you should install a specific version of Docker CE instead of always using the latest. This output is truncated. List the available versions.

$ apt-cache madison docker-ce

docker-ce | 17.09.0~ce-0~ubuntu | https://download.docker.com/linux/ubuntu xenial/stable amd64 Packages
The contents of the list depend upon which repositories are enabled. Choose a specific version to install. The second column is the version string. The third column is the repository name, which indicates which repository the package is from and by extension its stability level. To install a specific version, append the version string to the package name and separate them by an equals sign (=):

$ sudo apt-get install docker-ce=<VERSION>
The Docker daemon starts automatically.

Verify that Docker CE is installed correctly by running the hello-world image.
INSTALL DOCKER CE
Update the apt package index.

$ sudo apt-get update
Install the latest version of Docker CE, or go to the next step to install a specific version. Any existing installation of Docker is replaced.

$ sudo apt-get install docker-ce
Got multiple Docker repositories?

If you have multiple Docker repositories enabled, installing or updating without specifying a version in the apt-get install or apt-get update command will always install the highest possible version, which may not be appropriate for your stability needs.

On production systems, you should install a specific version of Docker CE instead of always using the latest. This output is truncated. List the available versions.

$ apt-cache madison docker-ce

docker-ce | 17.09.0~ce-0~ubuntu | https://download.docker.com/linux/ubuntu xenial/stable amd64 Packagesdo
The contents of the list depend upon which repositories are enabled. Choose a specific version to install. The second column is the version string. The third column is the repository name, which indicates which repository the package is from and by extension its stability level. To install a specific version, append the version string to the package name and separate them by an equals sign (=):

$ sudo apt-get install docker-ce=<VERSION>
The Docker daemon starts automatically.

Verify that Docker CE is installed correctly by running the hello-world image.

$ sudo docker run hello-world
$ sudo docker run hello-world

Hello from Docker!
This message shows that your installation appears to be working correctly.

To generate this message, Docker took the following steps:
 1. The Docker client contacted the Docker daemon.
 2. The Docker daemon pulled the "hello-world" image from the Docker Hub.
    (amd64)
 3. The Docker daemon created a new container from that image which runs the
    executable that produces the output you are currently reading.
 4. The Docker daemon streamed that output to the Docker client, which sent it
    to your terminal.

To try something more ambitious, you can run an Ubuntu container with:
 $ docker run -it ubuntu bash

Share images, automate workflows, and more with a free Docker ID:
 https://cloud.docker.com/

For more examples and ideas, visit:
 https://docs.docker.com/engine/userguide/
===

docker build -t friendlyhello .  # Create image using this directory's Dockerfile
docker run -p 4000:80 friendlyhello  # Run "friendlyname" mapping port 4000 to 80
docker run -d -p 4000:80 friendlyhello         # Same thing, but in detached mode
docker container ls                                # List all running containers
docker container ls -a             # List all containers, even those not running
docker container stop <hash>           # Gracefully stop the specified container
docker container kill <hash>         # Force shutdown of the specified container
docker container rm <hash>        # Remove specified container from this machine
docker container rm $(docker container ls -a -q)         # Remove all containers
docker image ls -a                             # List all images on this machine
docker image rm <image id>            # Remove specified image from this machine
docker image rm $(docker image ls -a -q)   # Remove all images from this machine
docker login             # Log in this CLI session using your Docker credentials
docker tag <image> username/repository:tag  # Tag <image> for upload to registry
docker push username/repository:tag            # Upload tagged image to registry
docker run username/repository:tag                   # Run image from a registry
==
root@rbyraju-HP-ProBook-6545b:/home/rbyraju/Documents/Docker/Test# docker imagesREPOSITORY          TAG                 IMAGE ID            CREATED             SIZE
friendlyhello       latest              1a2ca221d2e2        10 minutes ago      148MB
rama/get-started    part2               1a2ca221d2e2        10 minutes ago      148MB
<none>              <none>              edc36b1e9060        3 weeks ago         148MB
python              2.7-slim            4fd30fc83117        5 weeks ago         138MB
hello-world         latest              f2a91732366c        2 months ago        1.85kB
root@rbyraju-HP-ProBook-6545b:/home/rbyraju/Documents/Docker/Test# docker tag friendlyhello rbyraju/get-started:part2
root@rbyraju-HP-ProBook-6545b:/home/rbyraju/Documents/Docker/Test# docker imagesREPOSITORY            TAG                 IMAGE ID            CREATED             SIZE
friendlyhello         latest              1a2ca221d2e2        11 minutes ago      148MB
rama/get-started      part2               1a2ca221d2e2        11 minutes ago      148MB
rbyraju/get-started   part2               1a2ca221d2e2        11 minutes ago      148MB
<none>                <none>              edc36b1e9060        3 weeks ago         148MB
python                2.7-slim            4fd30fc83117        5 weeks ago         138MB
hello-world           latest              f2a91732366c        2 months ago        1.85kB
root@rbyraju-HP-ProBook-6545b:/home/rbyraju/Documents/Docker/Test# docker images rm rama/get-started
"docker images" requires at most 1 argument.
See 'docker images --help'.

Usage:  docker images [OPTIONS] [REPOSITORY[:TAG]] [flags]

List images
root@rbyraju-HP-ProBook-6545b:/home/rbyraju/Documents/Docker/Test# docker rm rama/get-started
Error: No such container: rama/get-started
root@rbyraju-HP-ProBook-6545b:/home/rbyraju/Documents/Docker/Test# docker images rm rama/get-started
"docker images" requires at most 1 argument.
See 'docker images --help'.

Usage:  docker images [OPTIONS] [REPOSITORY[:TAG]] [flags]

List images
root@rbyraju-HP-ProBook-6545b:/home/rbyraju/Documents/Docker/Test# docker imagesREPOSITORY            TAG                 IMAGE ID            CREATED             SIZE
friendlyhello         latest              1a2ca221d2e2        11 minutes ago      148MB
rama/get-started      part2               1a2ca221d2e2        11 minutes ago      148MB
rbyraju/get-started   part2               1a2ca221d2e2        11 minutes ago      148MB
<none>                <none>              edc36b1e9060        3 weeks ago         148MB
python                2.7-slim            4fd30fc83117        5 weeks ago         138MB
hello-world           latest              f2a91732366c        2 months ago        1.85kB
root@rbyraju-HP-ProBook-6545b:/home/rbyraju/Documents/Docker/Test# 
root@rbyraju-HP-ProBook-6545b:/home/rbyraju/Documents/Docker/Test# docker push rbyraju/get-started:part2
The push refers to repository [docker.io/rbyraju/get-started]
dc35191776e2: Pushed 
9e4634f3438e: Pushed 
ede1fe410163: Pushed 
94b0b6f67798: Pushed 
e0c374004259: Pushed 
56ee7573ea0f: Pushed 
cfce7a8ae632: Pushed 
part2: digest: sha256:5b5259058188c1916f9fb12efc1964aa93f9a2818e8b2b73dae030e3f053a3eb size: 1787
root@rbyraju-HP-ProBook-6545b:/home/rbyraju/Documents/Docker/Test# docker run -p 4000:80 rbyraju/get-started:tag
Unable to find image 'rbyraju/get-started:tag' locally
docker: Error response from daemon: manifest for rbyraju/get-started:tag not found.
See 'docker run --help'.
root@rbyraju-HP-ProBook-6545b:/home/rbyraju/Documents/Docker/Test# ^C
root@rbyraju-HP-ProBook-6545b:/home/rbyraju/Documents/Docker/Test# docker run -p 4000:80 rbyraju/get-started:part2
 * Running on http://0.0.0.0:80/ (Press CTRL+C to quit)
172.17.0.1 - - [22/Jan/2018 07:55:36] "GET / HTTP/1.1" 200 -
^C
^CTraceback (most recent call last):
  File "/usr/local/lib/python2.7/SocketServer.py", line 290, in _handle_request_noblock
    self.process_request(request, client_address)
  File "/usr/local/lib/python2.7/SocketServer.py", line 318, in process_request
    self.finish_request(request, client_address)
  File "/usr/local/lib/python2.7/SocketServer.py", line 331, in finish_request
    self.RequestHandlerClass(request, client_address, self)
  File "/usr/local/lib/python2.7/SocketServer.py", line 652, in __init__
    self.handle()
  File "/usr/local/lib/python2.7/site-packages/werkzeug/serving.py", line 293, in handle
    rv = BaseHTTPRequestHandler.handle(self)
  File "/usr/local/lib/python2.7/BaseHTTPServer.py", line 340, in handle
    self.handle_one_request()
  File "/usr/local/lib/python2.7/site-packages/werkzeug/serving.py", line 324, in handle_one_request
    self.raw_requestline = self.rfile.readline()
  File "/usr/local/lib/python2.7/socket.py", line 451, in readline
    data = self._sock.recv(self._rbufsize)
KeyboardInterrupt
^CTraceback (most recent call last):
  File "/usr/local/lib/python2.7/SocketServer.py", line 290, in _handle_request_noblock
    self.process_request(request, client_address)
  File "/usr/local/lib/python2.7/SocketServer.py", line 318, in process_request
    self.finish_request(request, client_address)
  File "/usr/local/lib/python2.7/SocketServer.py", line 331, in finish_request
    self.RequestHandlerClass(request, client_address, self)
  File "/usr/local/lib/python2.7/SocketServer.py", line 652, in __init__
    self.handle()
  File "/usr/local/lib/python2.7/site-packages/werkzeug/serving.py", line 293, in handle
    rv = BaseHTTPRequestHandler.handle(self)
  File "/usr/local/lib/python2.7/BaseHTTPServer.py", line 340, in handle
    self.handle_one_request()
  File "/usr/local/lib/python2.7/site-packages/werkzeug/serving.py", line 324, in handle_one_request
    self.raw_requestline = self.rfile.readline()
  File "/usr/local/lib/python2.7/socket.py", line 451, in readline
    data = self._sock.recv(self._rbufsize)
KeyboardInterrupt
ZZ

^C----------------------------------------
Exception happened during processing of request from ('172.17.0.1', 40192)
----------------------------------------
----------------------------------------
Exception happened during processing of request from ('172.17.0.1', 40196)
----------------------------------------
root@rbyraju-HP-ProBook-6545b:/home/rbyraju/Documents/Docker/Test# docker imagesREPOSITORY            TAG                 IMAGE ID            CREATED             SIZE
rbyraju/get-started   part2               1a2ca221d2e2        17 minutes ago      148MB
friendlyhello         latest              1a2ca221d2e2        17 minutes ago      148MB
rama/get-started      part2               1a2ca221d2e2        17 minutes ago      148MB
<none>                <none>              edc36b1e9060        3 weeks ago         148MB
python                2.7-slim            4fd30fc83117        5 weeks ago         138MB
hello-world           latest              f2a91732366c        2 months ago        1.85kB
root@rbyraju-HP-ProBook-6545b:/home/rbyraju/Documents/Docker/Test# docker rm rbyraju/get-started
Error: No such container: rbyraju/get-started
root@rbyraju-HP-ProBook-6545b:/home/rbyraju/Documents/Docker/Test# ^C
root@rbyraju-HP-ProBook-6545b:/home/rbyraju/Documents/Docker/Test# docker rm friendlyhello
Error: No such container: friendlyhello
root@rbyraju-HP-ProBook-6545b:/home/rbyraju/Documents/Docker/Test# docker rm 1a2ca221d2e2
Error: No such container: 1a2ca221d2e2
root@rbyraju-HP-ProBook-6545b:/home/rbyraju/Documents/Docker/Test# docker rmi 1a2ca221d2e2
Error response from daemon: conflict: unable to delete 1a2ca221d2e2 (must be forced) - image is referenced in multiple repositories
root@rbyraju-HP-ProBook-6545b:/home/rbyraju/Documents/Docker/Test# docker ps -a
CONTAINER ID        IMAGE                       COMMAND             CREATED             STATUS                      PORTS               NAMES
81e73ae32223        rbyraju/get-started:part2   "python app.py"     3 minutes ago       Exited (0) 2 minutes ago                        epic_snyder
b8bd1af232fe        friendlyhello               "python app.py"     18 minutes ago      Exited (0) 16 minutes ago                       heuristic_hodgkin
754ba53223f2        hello-world                 "/hello"            42 minutes ago      Exited (0) 41 minutes ago                       elegant_chandrasekhar
12b81c1909e0        hello-world                 "/hello"            23 hours ago        Exited (0) 23 hours ago                         eager_nightingale
52177022e8a0        hello-world                 "/hello"            7 days ago          Exited (0) 7 days ago                           gifted_payne
5097adcabe8b        edc36b1e9060                "python app.py"     3 weeks ago         Created                                         competent_jones
b3423d0c54c6        edc36b1e9060                "python app.py"     3 weeks ago         Exited (137) 3 weeks ago                        elated_blackwell
56d6baed93f1        hello-world                 "/hello"            3 weeks ago         Exited (0) 3 weeks ago                          condescending_bohr
0fc25003f229        hello-world                 "/hello"            3 weeks ago         Exited (0) 3 weeks ago                          vibrant_bhabha
root@rbyraju-HP-ProBook-6545b:/home/rbyraju/Documents/Docker/Test# docker rm 1a2ca221d2e2
Error: No such container: 1a2ca221d2e2
root@rbyraju-HP-ProBook-6545b:/home/rbyraju/Documents/Docker/Test# docker -v 81e73ae32223
docker: '81e73ae32223' is not a docker command.
See 'docker --help'
root@rbyraju-HP-ProBook-6545b:/home/rbyraju/Documents/Docker/Test# docker stop 81e73ae32223
81e73ae32223
root@rbyraju-HP-ProBook-6545b:/home/rbyraju/Documents/Docker/Test# docker -v 81e73ae32223
docker: '81e73ae32223' is not a docker command.
See 'docker --help'
root@rbyraju-HP-ProBook-6545b:/home/rbyraju/Documents/Docker/Test# docker rm 1a2ca221d2e2
Error: No such container: 1a2ca221d2e2
root@rbyraju-HP-ProBook-6545b:/home/rbyraju/Documents/Docker/Test# docker rmi 1a2ca221d2e2
Error response from daemon: conflict: unable to delete 1a2ca221d2e2 (must be forced) - image is referenced in multiple repositories
root@rbyraju-HP-ProBook-6545b:/home/rbyraju/Documents/Docker/Test# docker imagesREPOSITORY            TAG                 IMAGE ID            CREATED             SIZE
friendlyhello         latest              1a2ca221d2e2        20 minutes ago      148MB
rama/get-started      part2               1a2ca221d2e2        20 minutes ago      148MB
rbyraju/get-started   part2               1a2ca221d2e2        20 minutes ago      148MB
<none>                <none>              edc36b1e9060        3 weeks ago         148MB
python                2.7-slim            4fd30fc83117        5 weeks ago         138MB
hello-world           latest              f2a91732366c        2 months ago        1.85kB
root@rbyraju-HP-ProBook-6545b:/home/rbyraju/Documents/Docker/Test# docker rmi edc36b1e9060
Error response from daemon: conflict: unable to delete edc36b1e9060 (must be forced) - image is being used by stopped container 5097adcabe8b
root@rbyraju-HP-ProBook-6545b:/home/rbyraju/Documents/Docker/Test# docker rmi --help

Usage:	docker rmi [OPTIONS] IMAGE [IMAGE...]

Remove one or more images

Options:
  -f, --force      Force removal of the image
      --no-prune   Do not delete untagged parents
root@rbyraju-HP-ProBook-6545b:/home/rbyraju/Documents/Docker/Test# docker rmi -f  edc36b1e9060
Deleted: sha256:edc36b1e906079b70dee315c7caf04f3d24deb852bf066b94234e6e99eca73cd
Deleted: sha256:509b92f98ea1487f7e7fdaa1ccc842afa299fe044bf891af17f7b405c587ec78
Deleted: sha256:ac21bc0908b25a48ecb1161bb6cf925813134c84a9c203990e4e4c0a3e446e1b
Deleted: sha256:c71b8f60f394ed48c53cc67faad5a4f9d1faf848b58edf1c39850062b00faf77
Deleted: sha256:f840e44ab6cfc115819e38413d0b0d7a4a312d6a3b6095600cb9a82c56e5fb6c
root@rbyraju-HP-ProBook-6545b:/home/rbyraju/Documents/Docker/Test# 
root@rbyraju-HP-ProBook-6545b:/home/rbyraju/Documents/Docker/Test# 
root@rbyraju-HP-ProBook-6545b:/home/rbyraju/Documents/Docker/Test# docker imagesREPOSITORY            TAG                 IMAGE ID            CREATED             SIZE
rbyraju/get-started   part2               1a2ca221d2e2        21 minutes ago      148MB
friendlyhello         latest              1a2ca221d2e2        21 minutes ago      148MB
rama/get-started      part2               1a2ca221d2e2        21 minutes ago      148MB
python                2.7-slim            4fd30fc83117        5 weeks ago         138MB
hello-world           latest              f2a91732366c        2 months ago        1.85kB
root@rbyraju-HP-ProBook-6545b:/home/rbyraju/Documents/Docker/Test# docker rmi 4fd30fc83117
Error response from daemon: conflict: unable to delete 4fd30fc83117 (cannot be forced) - image has dependent child images
root@rbyraju-HP-ProBook-6545b:/home/rbyraju/Documents/Docker/Test# docker rmi-f  4fd30fc83117
docker: 'rmi-f' is not a docker command.
See 'docker --help'
root@rbyraju-HP-ProBook-6545b:/home/rbyraju/Documents/Docker/Test# docker rmi -f  4fd30fc83117
Error response from daemon: conflict: unable to delete 4fd30fc83117 (cannot be forced) - image has dependent child images
root@rbyraju-HP-ProBook-6545b:/home/rbyraju/Documents/Docker/Test# docker rmi -f f2a91732366c
Untagged: hello-world:latest
Untagged: hello-world@sha256:445b2fe9afea8b4aa0b2f27fe49dd6ad130dfe7a8fd0832be5de99625dad47cd
Deleted: sha256:f2a91732366c0332ccd7afd2a5c4ff2b9af81f549370f7a19acd460f87686bc7
root@rbyraju-HP-ProBook-6545b:/home/rbyraju/Documents/Docker/Test# docker imagesREPOSITORY            TAG                 IMAGE ID            CREATED             SIZE
rama/get-started      part2               1a2ca221d2e2        22 minutes ago      148MB
rbyraju/get-started   part2               1a2ca221d2e2        22 minutes ago      148MB
friendlyhello         latest              1a2ca221d2e2        22 minutes ago      148MB
python                2.7-slim            4fd30fc83117        5 weeks ago         138MB
root@rbyraju-HP-ProBook-6545b:/home/rbyraju/Documents/Docker/Test# docker rmi -f f2a91732366c
root@rbyraju-HP-ProBook-6545b:/home/rbyraju/Documents/Docker/Test# me/rbyrrmi -f f2a91732366c
Error: No such image: f2a91732366croot@rbyraju-HP-ProBook-6545b:/home/rbyraju/Documents/Docker/Test# 
root@rbyraju-HP-ProBook-6545b:/home/rbyraju/Documents/Docker/Test# 
root@rbyraju-HP-ProBook-6545b:/home/rbyraju/Documents/Docker/Test# 
root@rbyraju-HP-ProBook-6545b:/home/rbyraju/Documents/Docker/Test# docker rmi -f 1a2ca221d2e2
Untagged: friendlyhello:latest
Untagged: rama/get-started:part2
Untagged: rbyraju/get-started:part2
Untagged: rbyraju/get-started@sha256:5b5259058188c1916f9fb12efc1964aa93f9a2818e8b2b73dae030e3f053a3eb
Deleted: sha256:1a2ca221d2e2d9b8105c000b7cb852659e30e914a75de0183131b8f21478b28a
Deleted: sha256:a5d59e0ee04e13958930b7c1208b1d2b642bd718d12a6c99f22e2e4e0c593226
Deleted: sha256:37f0c2a915a2028d31944405ecb63d73bdcc3ab17ea7e3eba8943240a49df33d
Deleted: sha256:7ce78a3ca588400373dc915ba8e69b6a8a3e98adf107595c51969cef3b004a75
Deleted: sha256:8bcfc0c8fcb052c8052f5079a6659d49bc71f88304ea0d459a1882fb55de57ed
Deleted: sha256:57e91a500f73915fec431a16efe23e46c625c71d45dbd4241de1da2b6b40b2a9
root@rbyraju-HP-ProBook-6545b:/home/rbyraju/Documents/Docker/Test# 
root@rbyraju-HP-ProBook-6545b:/home/rbyraju/Documents/Docker/Test# 
root@rbyraju-HP-ProBook-6545b:/home/rbyraju/Documents/Docker/Test# docker imagesREPOSITORY          TAG                 IMAGE ID            CREATED             SIZE
python              2.7-slim            4fd30fc83117        5 weeks ago         138MB
root@rbyraju-HP-ProBook-6545b:/home/rbyraju/Documents/Docker/Test# 
root@rbyraju-HP-ProBook-6545b:/home/rbyraju/Documents/Docker/Test# 
root@rbyraju-HP-ProBook-6545b:/home/rbyraju/Documents/Docker/Test# 
root@rbyraju-HP-ProBook-6545b:/home/rbyraju/Documents/Docker/Test# 
root@rbyraju-HP-ProBook-6545b:/home/rbyraju/Documents/Docker/Test# docker rmi -f 4fd30fc83117
Untagged: python:2.7-slim
Untagged: python@sha256:91685df0357adefcf379f5a04502131e97e9fd468fa859417b70162a3d34b5ac
Deleted: sha256:4fd30fc831179122cc7f015a636f738c51b58297b1e42372b0e393c854486775
root@rbyraju-HP-ProBook-6545b:/home/rbyraju/Documents/Docker/Test# docker imagesREPOSITORY          TAG                 IMAGE ID            CREATED             SIZE
root@rbyraju-HP-ProBook-6545b:/home/rbyraju/Documents/Docker/Test# docker container ls
CONTAINER ID        IMAGE               COMMAND             CREATED             STATUS              PORTS               NAMES
root@rbyraju-HP-ProBook-6545b:/home/rbyraju/Documents/Docker/Test# 
root@rbyraju-HP-ProBook-6545b:/home/rbyraju/Documents/Docker/Test# 
root@rbyraju-HP-ProBook-6545b:/home/rbyraju/Documents/Docker/Test# docker ps -a
CONTAINER ID        IMAGE               COMMAND             CREATED             STATUS                         PORTS               NAMES
81e73ae32223        1a2ca221d2e2        "python app.py"     7 minutes ago       Exited (0) 6 minutes ago                           epic_snyder
b8bd1af232fe        1a2ca221d2e2        "python app.py"     22 minutes ago      Exited (0) 20 minutes ago                          heuristic_hodgkin
754ba53223f2        f2a91732366c        "/hello"            About an hour ago   Exited (0) About an hour ago                       elegant_chandrasekhar
12b81c1909e0        f2a91732366c        "/hello"            23 hours ago        Exited (0) 23 hours ago                            eager_nightingale
52177022e8a0        f2a91732366c        "/hello"            7 days ago          Exited (0) 7 days ago                              gifted_payne
5097adcabe8b        edc36b1e9060        "python app.py"     3 weeks ago         Created                                            competent_jones
b3423d0c54c6        edc36b1e9060        "python app.py"     3 weeks ago         Exited (137) 3 weeks ago                           elated_blackwell
56d6baed93f1        f2a91732366c        "/hello"            3 weeks ago         Exited (0) 3 weeks ago                             condescending_bohr
0fc25003f229        f2a91732366c        "/hello"            3 weeks ago         Exited (0) 3 weeks ago                             vibrant_bhabha
root@rbyraju-HP-ProBook-6545b:/home/rbyraju/Documents/Docker/Test# 
root@rbyraju-HP-ProBook-6545b:/home/rbyraju/Documents/Docker/Test# docker rm 81e73ae32223
81e73ae32223
root@rbyraju-HP-ProBook-6545b:/home/rbyraju/Documents/Docker/Test# docker rm b8bd1af232fe
b8bd1af232fe
root@rbyraju-HP-ProBook-6545b:/home/rbyraju/Documents/Docker/Test# docker rm 754ba53223f2
754ba53223f2
root@rbyraju-HP-ProBook-6545b:/home/rbyraju/Documents/Docker/Test# docker rm 12b81c1909e0
12b81c1909e0
root@rbyraju-HP-ProBook-6545b:/home/rbyraju/Documents/Docker/Test# docker ps -a
CONTAINER ID        IMAGE               COMMAND             CREATED             STATUS                     PORTS               NAMES
52177022e8a0        f2a91732366c        "/hello"            7 days ago          Exited (0) 7 days ago                          gifted_payne
5097adcabe8b        edc36b1e9060        "python app.py"     3 weeks ago         Created                                        competent_jones
b3423d0c54c6        edc36b1e9060        "python app.py"     3 weeks ago         Exited (137) 3 weeks ago                       elated_blackwell
56d6baed93f1        f2a91732366c        "/hello"            3 weeks ago         Exited (0) 3 weeks ago                         condescending_bohr
0fc25003f229        f2a91732366c        "/hello"            3 weeks ago         Exited (0) 3 weeks ago                         vibrant_bhabha
root@rbyraju-HP-ProBook-6545b:/home/rbyraju/Documents/Docker/Test# docker rm 52177022e8a0
52177022e8a0
root@rbyraju-HP-ProBook-6545b:/home/rbyraju/Documents/Docker/Test# docker rm 5097adcabe8b
5097adcabe8b
root@rbyraju-HP-ProBook-6545b:/home/rbyraju/Documents/Docker/Test# docker rm 
"docker rm" requires at least 1 argument.
See 'docker rm --help'.

Usage:  docker rm [OPTIONS] CONTAINER [CONTAINER...] [flags]

Remove one or more containers
root@rbyraju-HP-ProBook-6545b:/home/rbyraju/Documents/Docker/Test# docker rm b3423d0c54c6
b3423d0c54c6
root@rbyraju-HP-ProBook-6545b:/home/rbyraju/Documents/Docker/Test# docker rm 56d6baed93f1
56d6baed93f1
root@rbyraju-HP-ProBook-6545b:/home/rbyraju/Documents/Docker/Test# docker rm 0fc25003f229
0fc25003f229
root@rbyraju-HP-ProBook-6545b:/home/rbyraju/Documents/Docker/Test# 
root@rbyraju-HP-ProBook-6545b:/home/rbyraju/Documents/Docker/Test# docker ps -a
CONTAINER ID        IMAGE               COMMAND             CREATED             STATUS              PORTS               NAMES
root@rbyraju-HP-ProBook-6545b:/home/rbyraju/Documents/Docker/Test# docker images
REPOSITORY          TAG                 IMAGE ID            CREATED             SIZE
root@rbyraju-HP-ProBook-6545b:/home/rbyraju/Documents/Docker/Test# docker container

Usage:	docker container COMMAND

Manage containers

Options:


Commands:
  attach      Attach local standard input, output, and error streams to a running container
  commit      Create a new image from a container's changes
  cp          Copy files/folders between a container and the local filesystem
  create      Create a new container
  diff        Inspect changes to files or directories on a container's filesystem
  exec        Run a command in a running container
  export      Export a container's filesystem as a tar archive
  inspect     Display detailed information on one or more containers
  kill        Kill one or more running containers
  logs        Fetch the logs of a container
  ls          List containers
  pause       Pause all processes within one or more containers
  port        List port mappings or a specific mapping for the container
  prune       Remove all stopped containers
  rename      Rename a container
  restart     Restart one or more containers
  rm          Remove one or more containers
  run         Run a command in a new container
  start       Start one or more stopped containers
  stats       Display a live stream of container(s) resource usage statistics
  stop        Stop one or more running containers
  top         Display the running processes of a container
  unpause     Unpause all processes within one or more containers
  update      Update configuration of one or more containers
  wait        Block until one or more containers stop, then print their exit codes

Run 'docker container COMMAND --help' for more information on a command.
root@rbyraju-HP-ProBook-6545b:/home/rbyraju/Documents/Docker/Test# docker container ls
CONTAINER ID        IMAGE               COMMAND             CREATED             STATUS              PORTS               NAMES
root@rbyraju-HP-ProBook-6545b:/home/rbyraju/Documents/Docker/Test# 
root@rbyraju-HP-ProBook-6545b:/home/rbyraju/Documents/Docker/Test# 
root@rbyraju-HP-ProBook-6545b:/home/rbyraju/Documents/Docker/Test# 
root@rbyraju-HP-ProBook-6545b:/home/rbyraju/Documents/Docker/Test# cls
No command 'cls' found, but there are 18 similar ones
cls: command not found
root@rbyraju-HP-ProBook-6545b:/home/rbyraju/Documents/Docker/Test# clear
[3;J
root@rbyraju-HP-ProBook-6545b:/home/rbyraju/Documents/Docker/Test# 
root@rbyraju-HP-ProBook-6545b:/home/rbyraju/Documents/Docker/Test# 
root@rbyraju-HP-ProBook-6545b:/home/rbyraju/Documents/Docker/Test# 
root@rbyraju-HP-ProBook-6545b:/home/rbyraju/Documents/Docker/Test# cd ..
root@rbyraju-HP-ProBook-6545b:/home/rbyraju/Documents/Docker# docker run -p 4000:80 rbyraju/get-started:part2Unable to find image 'rbyraju/get-started:part2' locally
part2: Pulling from rbyraju/get-started
c4bb02b17bb4: Pull complete 
c5c896dce5ee: Pull complete 
cf210b898cc6: Pull complete 
5117cef49bdb: Pull complete 
4861fc54a0c6: Pull complete 
b976c89da98a: Pull complete 
13155fcb72b5: Pull complete 
Digest: sha256:5b5259058188c1916f9fb12efc1964aa93f9a2818e8b2b73dae030e3f053a3eb
Status: Downloaded newer image for rbyraju/get-started:part2
 * Running on http://0.0.0.0:80/ (Press CTRL+C to quit)
172.17.0.1 - - [22/Jan/2018 08:08:19] "GET / HTTP/1.1" 200 -
^Croot@rbyraju-HP-ProBook-6545b:/home/rbyraju/Documents/Docker# 
root@rbyraju-HP-ProBook-6545b:/home/rbyraju/Documents/Docker# 
root@rbyraju-HP-ProBook-6545b:/home/rbyraju/Documents/Docker# docker images
REPOSITORY            TAG                 IMAGE ID            CREATED             SIZE
rbyraju/get-started   part2               1a2ca221d2e2        29 minutes ago      148MB
root@rbyraju-HP-ProBook-6545b:/home/rbyraju/Documents/Docker# 
root@rbyraju-HP-ProBook-6545b:/home/rbyraju/Documents/Docker# 
root@rbyraju-HP-ProBook-6545b:/home/rbyraju/Documents/Docker# docker container ls
CONTAINER ID        IMAGE               COMMAND             CREATED             STATUS              PORTS               NAMES
root@rbyraju-HP-ProBook-6545b:/home/rbyraju/Documents/Docker# docker ps -a
CONTAINER ID        IMAGE                       COMMAND             CREATED              STATUS                      PORTS               NAMES
46733c512c64        rbyraju/get-started:part2   "python app.py"     About a minute ago   Exited (0) 16 seconds ago                       happy_murdock
root@rbyraju-HP-ProBook-6545b:/home/rbyraju/Documents/Docker# docker rm 46733c512c64
46733c512c64
root@rbyraju-HP-ProBook-6545b:/home/rbyraju/Documents/Docker# docker images
REPOSITORY            TAG                 IMAGE ID            CREATED             SIZE
rbyraju/get-started   part2               1a2ca221d2e2        30 minutes ago      148MB
root@rbyraju-HP-ProBook-6545b:/home/rbyraju/Documents/Docker# 
root@rbyraju-HP-ProBook-6545b:/home/rbyraju/Documents/Docker# 
root@rbyraju-HP-ProBook-6545b:/home/rbyraju/Documents/Docker# 
root@rbyraju-HP-ProBook-6545b:/home/rbyraju/Documents/Docker# 

***********

Installing docker Compose

***
root@rbyraju-HP-ProBook-6545b:/home/rbyraju/Documents/Docker# sudo curl -L https://github.com/docker/compose/releases/download/1.18.0/docker-compose-`uname -s`-`uname -m` -o /usr/local/bin/docker-compose
  % Total    % Received % Xferd  Average Speed   Time    Time     Time  Current
                                 Dload  Upload   Total   Spent    Left  Speed
100   617    0   617    0     0    470      0 --:--:--  0:00:01 --:--:--   470
100 8280k  100 8280k    0     0  1297k      0  0:00:06  0:00:06 --:--:-- 1967k

root@rbyraju-HP-ProBook-6545b:/home/rbyraju/Documents/Docker# sudo chmod +x /usr/local/bin/docker-compose

root@rbyraju-HP-ProBook-6545b:/home/rbyraju/Documents/Docker# docker-compose --version
docker-compose version 1.18.0, build 8dd22a9



********************************************************



